
> promoty@0.1.0 test
> jest simple.test.ts

jest-haste-map: Haste module naming collision: promoty
  The following files share their name; please adjust your hasteImpl:
    * <rootDir>/package.json
    * <rootDir>/.next/standalone/package.json

PASS ./simple.test.ts
  ✓ simple test (1 ms)

Test Suites: 1 passed, 1 total
Tests:       1 passed, 1 total
Snapshots:   0 total
Time:        0.314 s, estimated 1 s
Ran all test suites matching /simple.test.ts/i.
